[{"jsonrpc":"2.0","id":1,"result":true},{"jsonrpc":"2.0","id":2,"result":true},{"jsonrpc":"2.0","id":3,"result":"0xf4156d1e150a8d92070ac848fe10a6a994e7eb94184286e735e7437a011c63d7"},{"jsonrpc":"2.0","id":2,"result":{"number":"0x1","hash":"0x49bfc1db5249c2cae6f4939ff48f3729d210c7223a5306c7c41de12a4e0bdfd9","parentHash":"0xa16e3b7ec1959f20a3fec6fb9c1b891fb3b5b95e4d1c7d91d77531b4a7d53be1","mixHash":"0x0000000000000000000000000000000000000000000000000000000000000000","nonce":"0x0000000000000000","sha3Uncles":"0x1dcc4de8dec75d7aab85b567b6ccd41ad312451b948a7413f0a142fd40d49347","logsBloom":"0x00000000000000000000000000000000000000000000000000000000000000000000000000000000000000000000000000000000000000000000000000000000000000000000000000000000000000000000000000000000000000000000000000000000000000000000000000000000000000000000000000000000000000000000000000000000000000000000000000000000000000000000000000000000000000000000000000000000000000000000000000000000000000000000000000000000000000000000000000000000000000000000000000000000000000000000000000000000000000000000000000000000000000000000000000000000","transactionsRoot":"0x5ce4c8c27ecb3784bfcd8e128b01c3e6c90c0264d579d9f7232f53421c6e3109","stateRoot":"0x45fb450be0f9542426acf1a81c513ae9d1a2226d4b3ab7afe88f566ab2dcdd6b","receiptsRoot":"0x056b23fbba480696b65fe5a59b8f2148a1299103c4f57df839233af2cf4ca2d2","miner":"0x0000000000000000000000000000000000000000","difficulty":"0x0","totalDifficulty":"0x0","extraData":"0x","size":"0x3e8","gasLimit":"0x6691b7","gasUsed":"0x5208","timestamp":"0x0","transactions":["0xf4156d1e150a8d92070ac848fe10a6a994e7eb94184286e735e7437a011c63d7"],"uncles":[]}}]
