[{"jsonrpc":"2.0","id":1,"result":true},{"jsonrpc":"2.0","id":2,"result":true},{"jsonrpc":"2.0","id":3,"result":{"number":"0x0","hash":"0xa16e3b7ec1959f20a3fec6fb9c1b891fb3b5b95e4d1c7d91d77531b4a7d53be1","parentHash":"0x0000000000000000000000000000000000000000000000000000000000000000","mixHash":"0x0000000000000000000000000000000000000000000000000000000000000000","nonce":"0x0000000000000000","sha3Uncles":"0x1dcc4de8dec75d7aab85b567b6ccd41ad312451b948a7413f0a142fd40d49347","logsBloom":"0x00000000000000000000000000000000000000000000000000000000000000000000000000000000000000000000000000000000000000000000000000000000000000000000000000000000000000000000000000000000000000000000000000000000000000000000000000000000000000000000000000000000000000000000000000000000000000000000000000000000000000000000000000000000000000000000000000000000000000000000000000000000000000000000000000000000000000000000000000000000000000000000000000000000000000000000000000000000000000000000000000000000000000000000000000000000","transactionsRoot":"0x56e81f171bcc55a6ff8345e692c0f86e5b48e01b996cadc001622fb5e363b421","stateRoot":"0x8d914a687f983939880cfccb33737d490fbdb01256b1e053f93c93aa0463cf4c","receiptsRoot":"0x56e81f171bcc55a6ff8345e692c0f86e5b48e01b996cadc001622fb5e363b421","miner":"0x0000000000000000000000000000000000000000","difficulty":"0x0","totalDifficulty":"0x0","extraData":"0x","size":"0x3e8","gasLimit":"0x6691b7","gasUsed":"0x0","timestamp":"0x0","transactions":[],"uncles":[]}}]
