[{"jsonrpc":"2.0","id":1,"result":true},{"jsonrpc":"2.0","id":2,"result":{"number":"0x0","hash":"0xe998e5aaa06cabb50fec8e836a6f76d0b32cf0f1ba7909f2a03fed2986323061","parentHash":"0x0000000000000000000000000000000000000000000000000000000000000000","mixHash":"0x0000000000000000000000000000000000000000000000000000000000000000","nonce":"0x0000000000000000","sha3Uncles":"0x1dcc4de8dec75d7aab85b567b6ccd41ad312451b948a7413f0a142fd40d49347","logsBloom":"0x00000000000000000000000000000000000000000000000000000000000000000000000000000000000000000000000000000000000000000000000000000000000000000000000000000000000000000000000000000000000000000000000000000000000000000000000000000000000000000000000000000000000000000000000000000000000000000000000000000000000000000000000000000000000000000000000000000000000000000000000000000000000000000000000000000000000000000000000000000000000000000000000000000000000000000000000000000000000000000000000000000000000000000000000000000000","transactionsRoot":"0x56e81f171bcc55a6ff8345e692c0f86e5b48e01b996cadc001622fb5e363b421","stateRoot":"0x7d2e1366af81a3b4b8d0723f64918039971d20e8de73556428b0fbc63aa44d7e","receiptsRoot":"0x56e81f171bcc55a6ff8345e692c0f86e5b48e01b996cadc001622fb5e363b421","miner":"0x0000000000000000000000000000000000000000","difficulty":"0x0","totalDifficulty":"0x0","extraData":"0x","size":"0x3e8","gasLimit":"0x6691b7","gasUsed":"0x0","timestamp":"0x0","transactions":[],"uncles":[]}}]
