[{"jsonrpc":"2.0","id":1,"result":"28346"},{"jsonrpc":"2.0","id":null,"error":{"code":-32600,"message":"Invalid Request"}}]