[{"jsonrpc":"2.0","id":1,"result":true},{"jsonrpc":"2.0","id":2,"result":"0x3c2f5ce2c9e3c4a83f85c53961154c1b9e4bcce92fd1004765b0445c858369e3"},{"jsonrpc":"2.0","id":3,"result":"0x64"},{"jsonrpc":"2.0","id":4,"result":"0x64"}]