[{"jsonrpc":"2.0","id":1,"result":true},{"jsonrpc":"2.0","id":2,"result":"0x3c540bb1603287ded2e647acad74fbebbcd83e5a1941870767b8a5e9b25e9635"},{"jsonrpc":"2.0","id":3,"result":"0x6080604052348015600f57600080fd5b506004361060285760003560e01c8063990c8f7914602d575b600080fd5b60336049565b6040518082815260200191505060405180910390f35b6000606490509056fea265627a7a723158208343784e4d00a8ea241d2a95eeeb78d2ab957da87a07c33e085b72ac7571844c64736f6c634300050b0032"},{"jsonrpc":"2.0","id":4,"result":"0x0000000000000000000000000000000000000000000000000000000000000064"}]