[{"jsonrpc":"2.0","id":1,"result":"0xeaeedf2f3cfc5cebf3421409c67794a8de424efa"},{"jsonrpc":"2.0","id":59,"error":{"code":-32000,"message":"from not found; is required"}}]
