[{"jsonrpc":"2.0","id":1,"result":true},{"jsonrpc":"2.0","id":2,"result":true},{"jsonrpc":"2.0","id":3,"result":true},{"jsonrpc":"2.0","id":4,"result":true},{"jsonrpc":"2.0","id":5,"result":true},{"jsonrpc":"2.0","id":6,"result":["0x64cd3de3157c82289423d85927a16e3596a7ffe4","0x805bba773af1efd0cd8be0e7aea7416e72111b3b","0x8850073ba56b1c2b6d7acb66e8038ee9aa14be13","0x9db3c363b007411468a72ad8df941ea515ad7125","0xd1af81d02bd851e4b9db6d4144b03027154392c5"]}]