[{"jsonrpc":"2.0","id":1,"result":true},{"jsonrpc":"2.0","id":2,"result":true},{"jsonrpc":"2.0","id":3,"result":true},{"jsonrpc":"2.0","id":4,"result":true},{"jsonrpc":"2.0","id":5,"result":"0x1ead0dce068f6475ec2b1999b309cc76099a11febe3671614f60e0381eb543fd"},{"jsonrpc":"2.0","id":6,"result":"0xc55e696d0aa1dee10af33675f3d0f5ae53c6a8ebca4777f151392c979e8724c7"},{"jsonrpc":"2.0","id":7,"result":"0x4e578b47b445efa3e0a0ad3cac13ee6ea90bafe4019bb859685825562ca485e2"},{"jsonrpc":"2.0","id":8,"result":"0x5f68e8131ecf80000"},{"jsonrpc":"2.0","id":9,"result":"0x3cb71f51fc55709e8"},{"jsonrpc":"2.0","id":10,"result":"0x5f68e8131ecf80000"},{"jsonrpc":"2.0","id":11,"result":"0x5f68e8131ecf80000"},{"jsonrpc":"2.0","id":12,"result":"0x0"},{"jsonrpc":"2.0","id":13,"result":"0x3"},{"jsonrpc":"2.0","id":14,"result":"0x0"},{"jsonrpc":"2.0","id":15,"result":"0x0"}]