[{"jsonrpc":"2.0","id":1,"result":true},{"jsonrpc":"2.0","id":2,"result":true},{"jsonrpc":"2.0","id":3,"result":true},{"jsonrpc":"2.0","id":4,"result":true},{"jsonrpc":"2.0","id":5,"result":"0x844e74b708ebc5a9c55310e20d59ce7bc292adfcaeb4b2a2f9d925b47441422c"},{"jsonrpc":"2.0","id":6,"result":"0x06f73c68fd2867bc9f3cc290a4955aff3ec355dfcd3010fa5e42368bffefebda"},{"jsonrpc":"2.0","id":7,"result":"0x1ee2e444e11e970be9114ce02cd778ee2c7b4371eebb84358067062d45a4dfa9"},{"jsonrpc":"2.0","id":8,"result":"0x5208"}]