[{"jsonrpc":"2.0","id":1,"result":true},{"jsonrpc":"2.0","id":59,"result":"0x2ebccd0195a3a5cc481a1dcc349da79431f84c0e9a3d1f1b3757d29cef89b9ae"}]
