[{"jsonrpc":"2.0","id":1,"result":true},{"jsonrpc":"2.0","id":4,"result":"0x0"},{"jsonrpc":"2.0","id":4,"result":"0x0"},{"jsonrpc":"2.0","id":4,"result":"0x"},{"jsonrpc":"2.0","id":4,"result":"0x0"}]