[{"jsonrpc":"2.0","id":1,"result":true},{"jsonrpc":"2.0","id":2,"result":true},{"jsonrpc":"2.0","id":3,"result":true},{"jsonrpc":"2.0","id":4,"result":true},{"jsonrpc":"2.0","id":5,"result":"0x844e74b708ebc5a9c55310e20d59ce7bc292adfcaeb4b2a2f9d925b47441422c"},{"jsonrpc":"2.0","id":6,"result":"0x06f73c68fd2867bc9f3cc290a4955aff3ec355dfcd3010fa5e42368bffefebda"},{"jsonrpc":"2.0","id":7,"result":"0x1ee2e444e11e970be9114ce02cd778ee2c7b4371eebb84358067062d45a4dfa9"},{"jsonrpc":"2.0","id":8,"result":"0xc91970c51480cb6ade73e249c2023889c46fb069169d8e0684ad0d24094d7d65"},{"jsonrpc":"2.0","id":9,"result":"0x6c6b935b8bbd3adf8"},{"jsonrpc":"2.0","id":10,"result":"0x5f68e8131ecf80000"},{"jsonrpc":"2.0","id":11,"result":"0x3860e639d80635bf0"},{"jsonrpc":"2.0","id":12,"result":"0x56bc75e2d630fadf8"},{"jsonrpc":"2.0","id":13,"result":"0x1"},{"jsonrpc":"2.0","id":14,"result":"0x0"},{"jsonrpc":"2.0","id":15,"result":"0x2"},{"jsonrpc":"2.0","id":16,"result":"0x1"}]