[{"jsonrpc":"2.0","id":1,"result":true},{"jsonrpc":"2.0","id":2,"result":true},{"jsonrpc":"2.0","id":3,"result":true},{"jsonrpc":"2.0","id":4,"result":"0x3"}]