[{"jsonrpc":"2.0","id":1,"result":true},{"jsonrpc":"2.0","id":2,"result":true},{"jsonrpc":"2.0","id":3,"result":"0x0000000000000000000000000000000000000000000000000000000000000064"}]