{"jsonrpc":"2.0","id":1,"result":"0x0"}{"jsonrpc":"2.0","id":2,"result":"0x1"}{"jsonrpc":"2.0","id":3,"error":{"code":-32000,"message":"Incorrect number of arguments. Method 'evm_revert' requires exactly 1 arguments. Request specified 0 arguments: [null]."}}{"jsonrpc":"2.0","id":4,"result":"0x2"}