{"jsonrpc":"2.0","id":1,"result":"0x0"}{"jsonrpc":"2.0","id":2,"result":"100"}{"jsonrpc":"2.0","id":3,"result":"300"}{"jsonrpc":"2.0","id":4,"result":true}{"jsonrpc":"2.0","id":5,"result":"50"}