[{"jsonrpc":"2.0","id":1,"result":true},{"jsonrpc":"2.0","id":2,"result":{"stateRoot":"0xb62b878cd9003caa9f8e830bdf2ba6b68539dae38c4f51d7e5e5c7973b62a893"}}]
