[{"jsonrpc":"2.0","id":1,"result":true},{"jsonrpc":"2.0","id":2,"result":{"stateRoot":"0x0e0fb05cc0c18ae82d7742186716ecf01555dc7736119aba5e9424123c56bc1c"}}]
