[{"jsonrpc":"2.0","id":1,"result":true},{"jsonrpc":"2.0","id":2,"result":true},{"jsonrpc":"2.0","id":3,"result":"0x0000000000000000000000000000000000000000000000000000000000ffffff"},{"jsonrpc":"2.0","id":3,"result":{"coverages":[{"93758614234106549757282766802448384239213770766359592192750614820519184033004":{"RUNTIME":100}}],"coveredOpcodes":[{"93758614234106549757282766802448384239213770766359592192750614820519184033004":{"RUNTIME":[0,4,6,7,9,11]}}],"programs":[{"93758614234106549757282766802448384239213770766359592192750614820519184033004":{"RUNTIME":[0,4,6,7,9,11]}}]}}]