[{"jsonrpc":"2.0","id":1,"result":true},{"jsonrpc":"2.0","id":3,"result":"0x259f3f7dcd8df7aca8d214567b5f46ebd1325ee0502645a81cc6ba3b213a217b"},{"jsonrpc":"2.0","id":4,"result":{"transactionsRoot":"0x1e133bf205d1731e25e31f31f9b20271474ab937f88eec84c94a60a21fce15bf"}}]