[{"jsonrpc":"2.0","id":1,"result":true},{"jsonrpc":"2.0","id":2,"result":true},{"jsonrpc":"2.0","id":3,"result":"0x2c11d46cf3df0566ee4b6c49c8dcc1197ec796dbbf267b4d03eacd5ada85f469"},{"jsonrpc":"2.0","id":3,"result":"0xca695a665221172b29e5bc6632211bd48189bc4db6e84bed07747a2afe7dbf13"},{"jsonrpc":"2.0","id":4,"result":{"transactionsRoot":"0x70e62ce367e4adf7ea004e9a3faf62f5fddae3a70f3a6b17bf380d52e3309c93"}}]