[{"jsonrpc":"2.0","id":1,"result":true},{"jsonrpc":"2.0","id":2,"result":{"stateRoot":"0xf8b8aab7e98399674eb2f6cffe421220bed88b519cc17145724a453352df4343"}}]
