[{"jsonrpc":"2.0","id":1,"result":true},{"jsonrpc":"2.0","id":2,"result":{"stateRoot":"0x62da78953c804219d3f2e14c92337806cf0604b57060b528ec480c4f89fdbe4e"}}]
