{"jsonrpc":"2.0","id":1,"error":{"code":-32000,"message":"Method 'personal_importRawKey' requires exactly 2 parameters"}}
