{"jsonrpc":"2.0","id":1,"result":"0xd308979bf428e38b458a99da348e28933a4cddb1"}
