{"jsonrpc":"2.0","id":1,"error":{"code":-32000,"message":"Private key length is invalid. Must be 32 bytes."}}
