{"jsonrpc":"2.0","id":2,"error":{"code":-32000,"message":"Invalid Signature"}}
