[{"jsonrpc":"2.0","id":1,"result":true},{"jsonrpc":"2.0","id":2,"result":true},{"jsonrpc":"2.0","id":3,"result":"0xb0bb6a4522293ecaef9b01a0025c837ac6d438aae67e72fb25d55f63fa9d130f"},{"jsonrpc":"2.0","id":4,"result":"0x2b5e3af16b187adf8"},{"jsonrpc":"2.0","id":5,"result":"0x821ab0d4414980000"}]