{"jsonrpc":"2.0","id":5,"error":{"code":-32000,"message":"Invalid Signature"}}
