{"jsonrpc":"2.0","id":5,"error":{"code":-32000,"message":"\"value\" argument must not be a number"}}
