[{"jsonrpc":"2.0","id":1,"result":true},{"jsonrpc":"2.0","id":2,"result":"0x024a93fa8a5bf6785505f044722c2bd0aaa268977b9e9d574aad6bde476cb007"},{"jsonrpc":"2.0","id":3,"result":"0x1"},{"jsonrpc":"2.0","id":4,"result":"0x2b5e3af16b18730f8"},{"jsonrpc":"2.0","id":5,"result":"0x2b5e3af16b1880000"}]