[{"jsonrpc":"2.0","id":4,"result":"0xcdedf6c39b65646e18d239315ffa275490be97e0"},{"jsonrpc":"2.0","id":5,"result":"0xd9550d635cd2dad8167ddaad05a40c2c431152db1bd63e696d92930ae80e2c1c"}]
